[www.feedmusic.com/index.html]
[backblue.gif]
[fade.gif]
[index.html]
[www.feedmusic.com/images/logo.png]
[www.feedmusic.com/favicon.ico]
[www.feedmusic.com/vendor/modernizr/modernizr.js]
[www.feedmusic.com/vendor/devicejs/lib/device.min.js]
[www.feedmusic.com/vendor/Detect.js/detect.min.js]
[www.google-analytics.com/analytics.js]
[www.feedmusic.com/js/vendors.min.js]
[www.feedmusic.com/js/plugins.min.js]
[www.feedmusic.com/js/controllers.min.js]
[www.feedmusic.com/js/app.min.js]
[www.feedmusic.com/index.html]
[www.feedmusic.com/vendor/videojs/dist/video-js/font/vjs.eot]
[www.feedmusic.com/vendor/videojs/dist/video-js/font/vjs.woff]
[www.feedmusic.com/vendor/videojs/dist/video-js/font/vjsd41d.eot]
[www.feedmusic.com/vendor/videojs/dist/video-js/font/vjs.ttf]
[www.feedmusic.com/vendor/videojs/dist/video-js/video-js.min.css]
[www.feedmusic.com/vendor/swiper/dist/css/swiper.min.css]
[www.feedmusic.com/vendor/outdated-browser/outdatedbrowser/outdatedbrowser.min.css]
[www.feedmusic.com/js/plugins/jquery.nlform/fonts/nlicons/nlicons.eot]
[www.feedmusic.com/js/plugins/jquery.nlform/fonts/nlicons/nlicons.woff]
[www.feedmusic.com/js/plugins/jquery.nlform/fonts/nlicons/nliconsd41d.eot]
[www.feedmusic.com/js/plugins/jquery.nlform/fonts/nlicons/nlicons.ttf]
[www.feedmusic.com/js/plugins/jquery.nlform/css/jquery.nlform.css]
[www.feedmusic.com/vendor/font-awesome/fonts/fontawesome-webfonte0a5.eot]
[www.feedmusic.com/vendor/font-awesome/fonts/fontawesome-webfontd41d.eot]
[www.feedmusic.com/vendor/font-awesome/fonts/fontawesome-webfonte0a5.woff2]
[www.feedmusic.com/vendor/font-awesome/fonts/fontawesome-webfonte0a5.woff]
[www.feedmusic.com/vendor/font-awesome/fonts/fontawesome-webfonte0a5.ttf]
[www.feedmusic.com/fonts/1437496/483d8937-5e17-4378-9c51-aa91a3d9e1ebd41d.eot]
[www.feedmusic.com/fonts/1437496/ed4b9060-b5ab-4379-8840-0b50a15258b7.woff2]
[www.feedmusic.com/fonts/1437496/9b47db0b-77fb-4bb0-b5c2-3c131a36fc4d.woff]
[www.feedmusic.com/fonts/1437496/9c8b7e5f-b3ca-435d-a197-b3dfeae277a1.ttf]
[www.feedmusic.com/fonts/1437556/6ff8ab07-ccb4-4a91-8f0f-2bd4367902e8d41d.eot]
[www.feedmusic.com/fonts/1437556/91799b0e-0ef8-446e-b274-5509412e1242.woff2]
[www.feedmusic.com/fonts/1437556/97fb5311-bdbd-46bc-bf69-3bcf8c744cda.woff]
[www.feedmusic.com/fonts/1437556/88093bd3-b377-4278-8abe-8460dd24d0e8.ttf]
[www.feedmusic.com/images/presentation-background.jpg]
[www.feedmusic.com/images/ajax-loader.gif]
[www.feedmusic.com/images/start-music-background.jpg]
[www.feedmusic.com/images/awwwards-ribbon.png]
[www.feedmusic.com/images/basilico.png]
[www.feedmusic.com/css/style.min.css]
[www.feedmusic.com/vendor/videojs/dist/video-js/font/vjs.svg]
[www.feedmusic.com/js/plugins/jquery.nlform/fonts/nlicons/nlicons.svg]
[www.feedmusic.com/vendor/font-awesome/fonts/fontawesome-webfonte0a5.svg]
[www.feedmusic.com/fonts/1437496/0f72ee75-31c8-42ba-b262-3e13b83a8fdf.svg]
[www.feedmusic.com/fonts/1437556/0fde1539-69df-4e3d-83ef-ae23d10dd2a5.svg]
[www.feedmusic.com/images/logo-white.svg]
[www.feedmusic.com/images/logo.svg]
